"cl -IC:/PROGRA~1/ruby-1.8/lib/ruby/1.8/i386-mswin32 -IC:/PROGRA~1/ruby-1.8/lib/ruby/1.8/i386-mswin32 -I. -I./.. -I./../missing -MD -Zi -O2b2xg- -G6  conftest.c -P"
Microsoft (R) 32-bit C/C++ Optimizing Compiler Version 13.10.3052 for 80x86
Copyright (C) Microsoft Corporation 1984-2002. All rights reserved.

conftest.c
conftest.c(3) : fatal error C1189: #error : 
checked program was:
/* begin */
/*top*/
#ifndef __GNUC__
# error
#endif
/* end */

have_func: checking for OCIInitialize()... -------------------- no

"cl -nologo -Feconftest -IC:/PROGRA~1/ruby-1.8/lib/ruby/1.8/i386-mswin32 -IC:/PROGRA~1/ruby-1.8/lib/ruby/1.8/i386-mswin32 -I. -I./.. -I./../missing -MD -Zi -O2b2xg- -G6  -IC:/oracle/ora92/OCI/INCLUDE conftest.c   -LC:/PROGRA~1/ruby-1.8/lib C:/oracle/ora92/OCI/LIB/MSVC/OCI.LIB msvcrt-ruby18-static.lib  -LC:/PROGRA~1/ruby-1.8/lib C:/oracle/ora92/OCI/LIB/MSVC/OCI.LIB oldnames.lib user32.lib advapi32.lib wsock32.lib   -link    -libpath:"C:/PROGRA~1/ruby-1.8/lib" -stack:0x2000000"
cl : Command line warning D4002 : ignoring unknown option '-LC:/PROGRA~1/ruby-1.8/lib'
cl : Command line warning D4002 : ignoring unknown option '-LC:/PROGRA~1/ruby-1.8/lib'
conftest.c
LINK : fatal error LNK1104: cannot open file 'user32.lib'
checked program was:
/* begin */
#include <oci.h>

/*top*/
int main() { return 0; }
int t() { OCIInitialize(); return 0; }
/* end */

"cl -nologo -Feconftest -IC:/PROGRA~1/ruby-1.8/lib/ruby/1.8/i386-mswin32 -IC:/PROGRA~1/ruby-1.8/lib/ruby/1.8/i386-mswin32 -I. -I./.. -I./../missing -MD -Zi -O2b2xg- -G6  -IC:/oracle/ora92/OCI/INCLUDE conftest.c   -LC:/PROGRA~1/ruby-1.8/lib C:/oracle/ora92/OCI/LIB/MSVC/OCI.LIB msvcrt-ruby18-static.lib  -LC:/PROGRA~1/ruby-1.8/lib C:/oracle/ora92/OCI/LIB/MSVC/OCI.LIB oldnames.lib user32.lib advapi32.lib wsock32.lib   -link    -libpath:"C:/PROGRA~1/ruby-1.8/lib" -stack:0x2000000"
cl : Command line warning D4002 : ignoring unknown option '-LC:/PROGRA~1/ruby-1.8/lib'
cl : Command line warning D4002 : ignoring unknown option '-LC:/PROGRA~1/ruby-1.8/lib'
conftest.c
conftest.c(1) : fatal error C1083: Cannot open include file: 'winsock2.h': No such file or directory
checked program was:
/* begin */
#include <winsock2.h>
#include <windows.h>
#include <oci.h>

/*top*/
int main() { return 0; }
int t() { void ((*volatile p)()); p = (void ((*)()))OCIInitialize; return 0; }
/* end */

--------------------

